npx : C:\Users\karis\
hr-agent-bot\deploy-h
r-agent-bot\node_modu
les\groq-sdk\src\inde
x.ts:103
At line:1 char:1
+ npx ts-node 
debug_merge_test.ts 
> test_output.log 
2>&1
+ ~~~~~~~~~~~~~~~~~~~
~~~~~~~~~~~~~~~~~~~~~
~~~~~~~~~~~~~~
    + CategoryInfo   
           : NotSpe  
  cified: (C:\User   
 s\karis\...rc\in    
dex.ts:103:Strin    
g) [], RemoteExc    
eption
    + FullyQualified 
   ErrorId : Native  
  CommandError
 
      throw new 
Errors.GroqError(
            ^
GroqError: The 
GROQ_API_KEY 
environment variable 
is missing or empty; 
either provide it, 
or instantiate the 
Groq client with an 
apiKey option, like 
new Groq({ apiKey: 
'My API Key' }).
    at new Groq (C:\U
sers\karis\hr-agent-b
ot\deploy-hr-agent-bo
t\node_modules\groq-s
dk\src\index.ts:103:1
3)
    at 
Object.<anonymous> (C
:\Users\karis\hr-agen
t-bot\deploy-hr-agent
-bot\src\services\pol
icyService.ts:7:14)
    at 
Module._compile (node
:internal/modules/cjs
/loader:1521:14)
    at 
Module.m._compile (C:
\Users\karis\hr-agent
-bot\deploy-hr-agent-
bot\node_modules\ts-n
ode\src\index.ts:1618
:23)
    at Module._extens
ions..js (node:intern
al/modules/cjs/loader
:1623:10)
    at Object.require
.extensions.<computed
> [as .ts] (C:\Users\
karis\hr-agent-bot\de
ploy-hr-agent-bot\nod
e_modules\ts-node\src
\index.ts:1621:12)
    at Module.load (n
ode:internal/modules/
cjs/loader:1266:32)
    at Function.Modul
e._load (node:interna
l/modules/cjs/loader:
1091:12)
    at 
Module.require (node:
internal/modules/cjs/
loader:1289:19)
    at require (node:
internal/modules/help
ers:182:18)
    at 
Object.<anonymous> (C
:\Users\karis\hr-agen
t-bot\deploy-hr-agent
-bot\debug_merge_test
.ts:3:1)
    at 
Module._compile (node
:internal/modules/cjs
/loader:1521:14)
    at 
Module.m._compile (C:
\Users\karis\hr-agent
-bot\deploy-hr-agent-
bot\node_modules\ts-n
ode\src\index.ts:1618
:23)
    at Module._extens
ions..js (node:intern
al/modules/cjs/loader
:1623:10)
    at Object.require
.extensions.<computed
> [as .ts] (C:\Users\
karis\hr-agent-bot\de
ploy-hr-agent-bot\nod
e_modules\ts-node\src
\index.ts:1621:12)
    at Module.load (n
ode:internal/modules/
cjs/loader:1266:32)
